[html.awaikenthemes.com/lenity/about.html]
[backblue.gif]
[fade.gif]
[index.html]
[html.awaikenthemes.com/lenity/images/favicon.png]
[html.awaikenthemes.com/lenity/css/bootstrap.min.css]
[html.awaikenthemes.com/lenity/css/slicknav.min.css]
[html.awaikenthemes.com/lenity/css/swiper-bundle.min.css]
[html.awaikenthemes.com/lenity/css/all.min.css]
[html.awaikenthemes.com/lenity/css/animate.css]
[html.awaikenthemes.com/lenity/css/magnific-popup.css]
[html.awaikenthemes.com/lenity/css/mousecursor.css]
[html.awaikenthemes.com/lenity/css/custom.css]
[html.awaikenthemes.com/lenity/images/loader.svg]
[html.awaikenthemes.com/lenity/images/logo.svg]
[html.awaikenthemes.com/lenity/index.html]
[html.awaikenthemes.com/lenity/index-2.html]
[html.awaikenthemes.com/lenity/index-video.html]
[html.awaikenthemes.com/lenity/index-slider.html]
[html.awaikenthemes.com/lenity/services.html]
[html.awaikenthemes.com/lenity/blog.html]
[html.awaikenthemes.com/lenity/service-single.html]
[html.awaikenthemes.com/lenity/blog-single.html]
[html.awaikenthemes.com/lenity/programmes.html]
[html.awaikenthemes.com/lenity/program-single.html]
[html.awaikenthemes.com/lenity/team.html]
[html.awaikenthemes.com/lenity/team-single.html]
[html.awaikenthemes.com/lenity/testimonials.html]
[html.awaikenthemes.com/lenity/image-gallery.html]
[html.awaikenthemes.com/lenity/video-gallery.html]
[html.awaikenthemes.com/lenity/donation.html]
[html.awaikenthemes.com/lenity/faqs.html]
[html.awaikenthemes.com/lenity/404.html]
[html.awaikenthemes.com/lenity/contact.html]
[html.awaikenthemes.com/lenity/images/icon-phone.svg]
[html.awaikenthemes.com/lenity/images/about-img-1.jpg]
[html.awaikenthemes.com/lenity/images/about-img-2.jpg]
[html.awaikenthemes.com/lenity/images/icon-funded-dollar.svg]
[html.awaikenthemes.com/lenity/images/icon-about-support.svg]
[html.awaikenthemes.com/lenity/images/helped-fund-img.jpg]
[html.awaikenthemes.com/lenity/images/icon-our-mission.svg]
[html.awaikenthemes.com/lenity/images/icon-our-vision.svg]
[html.awaikenthemes.com/lenity/images/icon-our-value.svg]
[html.awaikenthemes.com/lenity/images/our-approach-image.jpg]
[html.awaikenthemes.com/lenity/images/why-choose-img-1.jpg]
[html.awaikenthemes.com/lenity/images/why-choose-img-2.jpg]
[html.awaikenthemes.com/lenity/images/icon-how-help-1.svg]
[html.awaikenthemes.com/lenity/images/icon-how-help-2.svg]
[html.awaikenthemes.com/lenity/images/icon-how-help-3.svg]
[html.awaikenthemes.com/lenity/images/icon-how-help-4.svg]
[html.awaikenthemes.com/lenity/images/our-features-img-1.jpg]
[html.awaikenthemes.com/lenity/images/icon-our-features-1.svg]
[html.awaikenthemes.com/lenity/images/our-features-img-2.jpg]
[html.awaikenthemes.com/lenity/images/icon-our-features-2.svg]
[html.awaikenthemes.com/lenity/images/our-features-img-3.jpg]
[html.awaikenthemes.com/lenity/images/icon-our-features-3.svg]
[html.awaikenthemes.com/lenity/images/our-fact-image.jpg]
[html.awaikenthemes.com/lenity/images/fact-body-image.jpg]
[html.awaikenthemes.com/lenity/images/team-1.jpg]
[html.awaikenthemes.com/lenity/images/team-2.jpg]
[html.awaikenthemes.com/lenity/images/team-3.jpg]
[html.awaikenthemes.com/lenity/images/team-4.jpg]
[html.awaikenthemes.com/lenity/images/testimonials-image.jpg]
[html.awaikenthemes.com/lenity/images/healthcare-support-circle.svg]
[html.awaikenthemes.com/lenity/images/author-1.jpg]
[html.awaikenthemes.com/lenity/images/author-2.jpg]
[html.awaikenthemes.com/lenity/images/author-3.jpg]
[html.awaikenthemes.com/lenity/images/faqs-image-1.jpg]
[html.awaikenthemes.com/lenity/images/faqs-image-2.jpg]
[html.awaikenthemes.com/lenity/images/footer-logo.svg]
[html.awaikenthemes.com/lenity/js/jquery-3.7.1.min.js]
[html.awaikenthemes.com/lenity/js/bootstrap.min.js]
[html.awaikenthemes.com/lenity/js/validator.min.js]
[html.awaikenthemes.com/lenity/js/jquery.slicknav.js]
[html.awaikenthemes.com/lenity/js/swiper-bundle.min.js]
[html.awaikenthemes.com/lenity/js/jquery.waypoints.min.js]
[html.awaikenthemes.com/lenity/js/jquery.counterup.min.js]
[html.awaikenthemes.com/lenity/js/isotope.min.js]
[html.awaikenthemes.com/lenity/js/jquery.magnific-popup.min.js]
[html.awaikenthemes.com/lenity/js/SmoothScroll.js]
[html.awaikenthemes.com/lenity/js/parallaxie.js]
[html.awaikenthemes.com/lenity/js/gsap.min.js]
[html.awaikenthemes.com/lenity/js/magiccursor.js]
[html.awaikenthemes.com/lenity/js/SplitText.js]
[html.awaikenthemes.com/lenity/js/ScrollTrigger.min.js]
[html.awaikenthemes.com/lenity/js/jquery.mb.YTPlayer.min.js]
[html.awaikenthemes.com/lenity/js/wow.min.js]
[html.awaikenthemes.com/lenity/about.html]
[html.awaikenthemes.com/lenity/css/bootstrap.min.css]
[html.awaikenthemes.com/lenity/css/slicknav.min.css]
[html.awaikenthemes.com/lenity/css/swiper-bundle.min.css]
[html.awaikenthemes.com/lenity/js/function.js]
[html.awaikenthemes.com/lenity/webfonts/fa-brands-400.woff2]
[html.awaikenthemes.com/lenity/webfonts/fa-regular-400.woff2]
[html.awaikenthemes.com/lenity/webfonts/fa-brands-400.ttf]
[html.awaikenthemes.com/lenity/webfonts/fa-regular-400.ttf]
[html.awaikenthemes.com/lenity/webfonts/fa-solid-900.woff2]
[html.awaikenthemes.com/lenity/webfonts/fa-v4compatibility.woff2]
[html.awaikenthemes.com/lenity/webfonts/fa-solid-900.ttf]
[html.awaikenthemes.com/lenity/css/all.min.css]
[html.awaikenthemes.com/lenity/css/animate.css]
[html.awaikenthemes.com/lenity/css/magnific-popup.css]
[html.awaikenthemes.com/lenity/css/mousecursor.css]
[html.awaikenthemes.com/lenity/webfonts/fa-v4compatibility.ttf]
[html.awaikenthemes.com/lenity/images/arrow-white.svg]
[html.awaikenthemes.com/lenity/images/icon-sub-heading.svg]
[html.awaikenthemes.com/lenity/images/hero-bg.jpg]
[html.awaikenthemes.com/lenity/images/icon-check.svg]
[html.awaikenthemes.com/lenity/images/helped-fund-box-mask.svg]
[html.awaikenthemes.com/lenity/images/our-service-bg.svg]
[html.awaikenthemes.com/lenity/images/icon-check-dark.svg]
[html.awaikenthemes.com/lenity/images/our-program-bg-image.jpg]
[html.awaikenthemes.com/lenity/images/donate-now-bg-image.jpg]
[html.awaikenthemes.com/lenity/images/testimonial-bg-image.png]
[html.awaikenthemes.com/lenity/images/footer-bg.png]
[html.awaikenthemes.com/lenity/images/page-header-bg.jpg]
[html.awaikenthemes.com/lenity/images/arrow-text.svg]
[html.awaikenthemes.com/lenity/images/sidebar-cta-bg-img.jpg]
[html.awaikenthemes.com/lenity/css/custom.css]
[html.awaikenthemes.com/lenity/images/loader.svg]
[html.awaikenthemes.com/lenity/images/icon-blockquote.svg]
[html.awaikenthemes.com/lenity/images/services-image-1.jpg]
[html.awaikenthemes.com/lenity/images/services-image-2.jpg]
[html.awaikenthemes.com/lenity/images/services-image-3.jpg]
[html.awaikenthemes.com/lenity/images/icon-what-we-1.svg]
[html.awaikenthemes.com/lenity/images/icon-what-we-2.svg]
[html.awaikenthemes.com/lenity/images/icon-what-we-3.svg]
[html.awaikenthemes.com/lenity/images/what-we-do-image-1.jpg]
[html.awaikenthemes.com/lenity/images/what-we-do-image-2.jpg]
[html.awaikenthemes.com/lenity/images/icon-donate-now.svg]
[html.awaikenthemes.com/lenity/images/causes-img-1.jpg]
[html.awaikenthemes.com/lenity/images/causes-img-2.jpg]
[html.awaikenthemes.com/lenity/images/causes-img-3.jpg]
[html.awaikenthemes.com/lenity/images/program-1.jpg]
[html.awaikenthemes.com/lenity/images/program-2.jpg]
[html.awaikenthemes.com/lenity/images/program-3.jpg]
[html.awaikenthemes.com/lenity/images/icon-asterisk.svg]
[html.awaikenthemes.com/lenity/images/donar-company-logo-1.png]
[html.awaikenthemes.com/lenity/images/donar-company-logo-2.png]
[html.awaikenthemes.com/lenity/images/donar-company-logo-3.png]
[html.awaikenthemes.com/lenity/images/how-it-work-img-1.jpg]
[html.awaikenthemes.com/lenity/images/icon-how-it-work-1.svg]
[html.awaikenthemes.com/lenity/images/how-it-work-img-2.jpg]
[html.awaikenthemes.com/lenity/images/icon-how-it-work-2.svg]
[html.awaikenthemes.com/lenity/images/how-it-work-img-3.jpg]
[html.awaikenthemes.com/lenity/images/icon-how-it-work-3.svg]
[html.awaikenthemes.com/lenity/images/how-it-work-img-4.jpg]
[html.awaikenthemes.com/lenity/images/icon-how-it-work-4.svg]
[html.awaikenthemes.com/lenity/images/gallery-1.jpg]
[html.awaikenthemes.com/lenity/images/gallery-2.jpg]
[html.awaikenthemes.com/lenity/images/gallery-3.jpg]
[html.awaikenthemes.com/lenity/images/gallery-4.jpg]
[html.awaikenthemes.com/lenity/images/gallery-5.jpg]
[html.awaikenthemes.com/lenity/images/gallery-6.jpg]
[html.awaikenthemes.com/lenity/images/gallery-7.jpg]
[html.awaikenthemes.com/lenity/images/gallery-8.jpg]
[html.awaikenthemes.com/lenity/images/gallery-9.jpg]
[html.awaikenthemes.com/lenity/images/gallery-10.jpg]
[html.awaikenthemes.com/lenity/images/post-1.jpg]
[html.awaikenthemes.com/lenity/images/post-2.jpg]
[html.awaikenthemes.com/lenity/images/post-3.jpg]
[html.awaikenthemes.com/lenity/index.html]
[html.awaikenthemes.com/lenity/images/logo.svg]
[html.awaikenthemes.com/lenity/index-2.html]
[html.awaikenthemes.com/lenity/index-video.html]
[html.awaikenthemes.com/lenity/images/hero-bg-2.jpg]
[html.awaikenthemes.com/lenity/index-slider.html]
[html.awaikenthemes.com/lenity/images/services-image-4.jpg]
[html.awaikenthemes.com/lenity/images/services-image-5.jpg]
[html.awaikenthemes.com/lenity/images/services-image-6.jpg]
[html.awaikenthemes.com/lenity/services.html]
[html.awaikenthemes.com/lenity/images/post-4.jpg]
[html.awaikenthemes.com/lenity/images/post-5.jpg]
[html.awaikenthemes.com/lenity/images/post-6.jpg]
[html.awaikenthemes.com/lenity/blog.html]
[html.awaikenthemes.com/lenity/images/icon-cta.svg]
[html.awaikenthemes.com/lenity/images/service-entry-image-1.jpg]
[html.awaikenthemes.com/lenity/images/icon-service-entry-content-1.svg]
[html.awaikenthemes.com/lenity/images/service-entry-image-2.jpg]
[html.awaikenthemes.com/lenity/images/icon-service-entry-content-2.svg]
[html.awaikenthemes.com/lenity/service-single.html]
[html.awaikenthemes.com/lenity/blog-single.html]
[html.awaikenthemes.com/lenity/images/icon-service-entry-content-3.svg]
[html.awaikenthemes.com/lenity/images/program-4.jpg]
[html.awaikenthemes.com/lenity/images/program-5.jpg]
[html.awaikenthemes.com/lenity/images/program-6.jpg]
[html.awaikenthemes.com/lenity/programmes.html]
[html.awaikenthemes.com/lenity/images/program-entry-video-image-1.jpg]
[html.awaikenthemes.com/lenity/images/program-entry-video-image-2.jpg]
[html.awaikenthemes.com/lenity/images/icon-program-why-choose-1.svg]
[html.awaikenthemes.com/lenity/images/icon-program-why-choose-2.svg]
[html.awaikenthemes.com/lenity/images/icon-program-why-choose-3.svg]
[html.awaikenthemes.com/lenity/program-single.html]
[html.awaikenthemes.com/lenity/images/icon-program-why-choose-4.svg]
[html.awaikenthemes.com/lenity/images/team-5.jpg]
[html.awaikenthemes.com/lenity/images/team-6.jpg]
[html.awaikenthemes.com/lenity/images/team-7.jpg]
[html.awaikenthemes.com/lenity/images/team-8.jpg]
[html.awaikenthemes.com/lenity/team.html]
[html.awaikenthemes.com/lenity/team-single.html]
[html.awaikenthemes.com/lenity/images/author-4.jpg]
[html.awaikenthemes.com/lenity/images/author-5.jpg]
[html.awaikenthemes.com/lenity/images/author-6.jpg]
[html.awaikenthemes.com/lenity/testimonials.html]
[html.awaikenthemes.com/lenity/image-gallery.html]
[html.awaikenthemes.com/lenity/video-gallery.html]
[html.awaikenthemes.com/lenity/donation.html]
[html.awaikenthemes.com/lenity/faqs.html]
[html.awaikenthemes.com/lenity/images/404-error-img.png]
[html.awaikenthemes.com/lenity/404.html]
[html.awaikenthemes.com/lenity/images/icon-phone-primary.svg]
[html.awaikenthemes.com/lenity/images/icon-mail.svg]
[html.awaikenthemes.com/lenity/contact.html]
[html.awaikenthemes.com/lenity/images/icon-phone.svg]
[html.awaikenthemes.com/lenity/images/icon-funded-dollar.svg]
[html.awaikenthemes.com/lenity/images/icon-about-support.svg]
[html.awaikenthemes.com/lenity/images/icon-our-mission.svg]
[html.awaikenthemes.com/lenity/images/icon-our-vision.svg]
[html.awaikenthemes.com/lenity/images/icon-our-value.svg]
[html.awaikenthemes.com/lenity/images/icon-how-help-1.svg]
[html.awaikenthemes.com/lenity/images/icon-how-help-2.svg]
[html.awaikenthemes.com/lenity/images/icon-how-help-3.svg]
[html.awaikenthemes.com/lenity/images/icon-how-help-4.svg]
[html.awaikenthemes.com/lenity/images/icon-our-features-1.svg]
[html.awaikenthemes.com/lenity/images/icon-our-features-2.svg]
[html.awaikenthemes.com/lenity/images/icon-our-features-3.svg]
[html.awaikenthemes.com/lenity/images/healthcare-support-circle.svg]
[html.awaikenthemes.com/lenity/images/footer-logo.svg]
[html.awaikenthemes.com/lenity/images/arrow-white.svg]
[html.awaikenthemes.com/lenity/images/icon-sub-heading.svg]
[html.awaikenthemes.com/lenity/images/icon-check.svg]
[html.awaikenthemes.com/lenity/images/helped-fund-box-mask.svg]
[html.awaikenthemes.com/lenity/images/our-service-bg.svg]
[html.awaikenthemes.com/lenity/images/icon-check-dark.svg]
[html.awaikenthemes.com/lenity/images/arrow-text.svg]
[html.awaikenthemes.com/lenity/images/icon-blockquote.svg]
[html.awaikenthemes.com/lenity/images/icon-what-we-1.svg]
[html.awaikenthemes.com/lenity/images/icon-what-we-2.svg]
[html.awaikenthemes.com/lenity/images/icon-what-we-3.svg]
[html.awaikenthemes.com/lenity/images/icon-donate-now.svg]
[html.awaikenthemes.com/lenity/images/icon-asterisk.svg]
[html.awaikenthemes.com/lenity/images/icon-how-it-work-1.svg]
[html.awaikenthemes.com/lenity/images/icon-how-it-work-2.svg]
[html.awaikenthemes.com/lenity/images/icon-how-it-work-3.svg]
[html.awaikenthemes.com/lenity/images/icon-how-it-work-4.svg]
[html.awaikenthemes.com/lenity/images/icon-cta.svg]
[html.awaikenthemes.com/lenity/images/icon-service-entry-content-1.svg]
[html.awaikenthemes.com/lenity/images/icon-service-entry-content-2.svg]
[html.awaikenthemes.com/lenity/images/icon-service-entry-content-3.svg]
[html.awaikenthemes.com/lenity/images/icon-program-why-choose-1.svg]
[html.awaikenthemes.com/lenity/images/icon-program-why-choose-2.svg]
[html.awaikenthemes.com/lenity/images/icon-program-why-choose-3.svg]
[html.awaikenthemes.com/lenity/images/icon-program-why-choose-4.svg]
[html.awaikenthemes.com/lenity/images/icon-phone-primary.svg]
[html.awaikenthemes.com/lenity/images/icon-mail.svg]
[html.awaikenthemes.com/lenity/images/icon-location.svg]
[html.awaikenthemes.com/lenity/images/icon-location.svg]
